Opening /workspace/ptx-pulseq/src/../tests/fid.seq
The file contains md5 signature cb837669c48fb79459d2b7d56453c696
Signature check succeeded
The file contains following definitions:
AdcRasterTime : 	1e-07
BlockDurationRaster : 	1e-05
GradientRasterTime : 	1e-05
Name : 	fid
RadiofrequencyRasterTime : 	1e-06

The sequence contains 64 blocks with the total of
	 16 RF pulses
	 16 ADC events

True total sequence duration: 16375520 us

