Opening /workspace/ptx-pulseq/src/../tests/gre.seq
The file contains md5 signature 63bd2208bb933ac4172ac0d9eb9658c3
Signature check succeeded
The file contains following definitions:
AdcRasterTime : 	1e-07
BlockDurationRaster : 	1e-05
FOV : 	0.25 0.25 0.003
GradientRasterTime : 	1e-05
Name : 	gre
RadiofrequencyRasterTime : 	1e-06

The sequence contains 320 blocks with the total of
	 64 RF pulses
	 512 trapezoid gradients
	 64 ADC events

True total sequence duration: 6400640 us

